========================================
AI AGENT DECISION LOG - Session 20250923_200753_956
========================================
Timestamp: 20:07:53.956
Log Level: 0

[20:07:54.075] [DECISION] [Move 1] === MOVE DECISION START === Player: square, Board: 13x12, Time: 60s (vs 59.9957s)
[20:07:59.076] [DEBUG] [Move 1] VALIDATION DEBUG: Generated 48 legal moves for validation
[20:07:59.076] [DEBUG] [Move 1] VALIDATION DEBUG: Minimax returned move: move (3,3) -> (2,3)
[20:07:59.076] [DEBUG] [Move 1] VALIDATION DEBUG: Legal move 1: move (3,3) -> (2,3)
[20:07:59.076] [DEBUG] [Move 1] VALIDATION DEBUG: Legal move 2: move (3,3) -> (3,2)
[20:07:59.076] [DEBUG] [Move 1] VALIDATION DEBUG: Legal move 3: push (3,3) -> (3,4)
[20:07:59.076] [DEBUG] [Move 1] VALIDATION DEBUG: Legal move 4: flip (3,3) -> (3,3)
[20:07:59.076] [DEBUG] [Move 1] VALIDATION DEBUG: Legal move 5: flip (3,3) -> (3,3)
[20:07:59.076] [DEBUG] [Move 1] VALIDATION DEBUG: Move found in legal moves - SUCCESS!
[20:07:59.076] [DECISION] [Move 1] FINAL DECISION: move (3,3) -> (2,3) | Reasoning: Minimax search
[20:07:59.077] [DECISION] [Move 1] === MOVE DECISION END ===
[20:07:59.113] [DECISION] [Move 2] === MOVE DECISION START === Player: square, Board: 13x12, Time: 54.9981s (vs 59.9919s)
[20:08:04.114] [DEBUG] [Move 2] VALIDATION DEBUG: Generated 50 legal moves for validation
[20:08:04.114] [DEBUG] [Move 2] VALIDATION DEBUG: Minimax returned move: move (2,3) -> (2,4)
[20:08:04.114] [DEBUG] [Move 2] VALIDATION DEBUG: Legal move 1: move (2,3) -> (1,3)
[20:08:04.114] [DEBUG] [Move 2] VALIDATION DEBUG: Legal move 2: move (2,3) -> (2,2)
[20:08:04.114] [DEBUG] [Move 2] VALIDATION DEBUG: Legal move 3: move (2,3) -> (2,4)
[20:08:04.114] [DEBUG] [Move 2] VALIDATION DEBUG: Legal move 4: move (2,3) -> (3,3)
[20:08:04.114] [DEBUG] [Move 2] VALIDATION DEBUG: Legal move 5: flip (2,3) -> (2,3)
[20:08:04.114] [DEBUG] [Move 2] VALIDATION DEBUG: Move found in legal moves - SUCCESS!
[20:08:04.114] [DECISION] [Move 2] FINAL DECISION: move (2,3) -> (2,4) | Reasoning: Minimax search
[20:08:04.114] [DECISION] [Move 2] === MOVE DECISION END ===
[20:08:04.151] [DECISION] [Move 3] === MOVE DECISION START === Player: square, Board: 13x12, Time: 49.9966s (vs 59.9884s)
[20:08:09.152] [DEBUG] [Move 3] VALIDATION DEBUG: Generated 48 legal moves for validation
[20:08:09.152] [DEBUG] [Move 3] VALIDATION DEBUG: Minimax returned move: flip (8,3) -> (8,3)
[20:08:09.152] [DEBUG] [Move 3] VALIDATION DEBUG: Legal move 1: move (4,3) -> (3,3)
[20:08:09.152] [DEBUG] [Move 3] VALIDATION DEBUG: Legal move 2: push (4,3) -> (4,4)
[20:08:09.152] [DEBUG] [Move 3] VALIDATION DEBUG: Legal move 3: flip (4,3) -> (4,3)
[20:08:09.152] [DEBUG] [Move 3] VALIDATION DEBUG: Legal move 4: flip (4,3) -> (4,3)
[20:08:09.152] [DEBUG] [Move 3] VALIDATION DEBUG: Legal move 5: push (5,3) -> (4,3)
[20:08:09.152] [DEBUG] [Move 3] VALIDATION DEBUG: Move found in legal moves - SUCCESS!
[20:08:09.152] [DECISION] [Move 3] FINAL DECISION: flip (8,3) -> (8,3) [vertical] | Reasoning: Minimax search
[20:08:09.152] [DECISION] [Move 3] === MOVE DECISION END ===
[20:08:09.190] [DECISION] [Move 4] === MOVE DECISION START === Player: square, Board: 13x12, Time: 44.9948s (vs 59.9847s)
[20:08:14.191] [DEBUG] [Move 4] VALIDATION DEBUG: Generated 61 legal moves for validation
[20:08:14.191] [DEBUG] [Move 4] VALIDATION DEBUG: Minimax returned move: rotate (8,3) -> (8,3)
[20:08:14.191] [DEBUG] [Move 4] VALIDATION DEBUG: Legal move 1: move (4,3) -> (3,3)
[20:08:14.191] [DEBUG] [Move 4] VALIDATION DEBUG: Legal move 2: push (4,3) -> (4,4)
[20:08:14.191] [DEBUG] [Move 4] VALIDATION DEBUG: Legal move 3: flip (4,3) -> (4,3)
[20:08:14.191] [DEBUG] [Move 4] VALIDATION DEBUG: Legal move 4: flip (4,3) -> (4,3)
[20:08:14.191] [DEBUG] [Move 4] VALIDATION DEBUG: Legal move 5: push (5,3) -> (4,3)
[20:08:14.191] [DEBUG] [Move 4] VALIDATION DEBUG: Move found in legal moves - SUCCESS!
[20:08:14.191] [DECISION] [Move 4] FINAL DECISION: rotate (8,3) -> (8,3) | Reasoning: Minimax search
[20:08:14.191] [DECISION] [Move 4] === MOVE DECISION END ===
[20:08:14.228] [DECISION] [Move 5] === MOVE DECISION START === Player: square, Board: 13x12, Time: 39.993s (vs 59.9814s)
[20:08:19.229] [DEBUG] [Move 5] VALIDATION DEBUG: Generated 57 legal moves for validation
[20:08:19.229] [DEBUG] [Move 5] VALIDATION DEBUG: Minimax returned move: flip (7,4) -> (7,4)
[20:08:19.229] [DEBUG] [Move 5] VALIDATION DEBUG: Legal move 1: move (4,3) -> (3,3)
[20:08:19.229] [DEBUG] [Move 5] VALIDATION DEBUG: Legal move 2: push (4,3) -> (4,4)
[20:08:19.229] [DEBUG] [Move 5] VALIDATION DEBUG: Legal move 3: flip (4,3) -> (4,3)
[20:08:19.229] [DEBUG] [Move 5] VALIDATION DEBUG: Legal move 4: flip (4,3) -> (4,3)
[20:08:19.229] [DEBUG] [Move 5] VALIDATION DEBUG: Legal move 5: push (5,3) -> (4,3)
[20:08:19.229] [DEBUG] [Move 5] VALIDATION DEBUG: Move found in legal moves - SUCCESS!
[20:08:19.229] [DECISION] [Move 5] FINAL DECISION: flip (7,4) -> (7,4) [vertical] | Reasoning: Minimax search
[20:08:19.229] [DECISION] [Move 5] === MOVE DECISION END ===
[20:08:19.267] [DECISION] [Move 6] === MOVE DECISION START === Player: square, Board: 13x12, Time: 34.991s (vs 59.9782s)
[20:08:24.217] [DEBUG] [Move 6] VALIDATION DEBUG: Generated 80 legal moves for validation
[20:08:24.217] [DEBUG] [Move 6] VALIDATION DEBUG: Minimax returned move: push (7,4) -> (7,3)
[20:08:24.217] [DEBUG] [Move 6] VALIDATION DEBUG: Legal move 1: move (4,3) -> (3,3)
[20:08:24.217] [DEBUG] [Move 6] VALIDATION DEBUG: Legal move 2: push (4,3) -> (4,4)
[20:08:24.217] [DEBUG] [Move 6] VALIDATION DEBUG: Legal move 3: flip (4,3) -> (4,3)
[20:08:24.217] [DEBUG] [Move 6] VALIDATION DEBUG: Legal move 4: flip (4,3) -> (4,3)
[20:08:24.217] [DEBUG] [Move 6] VALIDATION DEBUG: Legal move 5: push (5,3) -> (4,3)
[20:08:24.217] [DEBUG] [Move 6] VALIDATION DEBUG: Move found in legal moves - SUCCESS!
[20:08:24.217] [DECISION] [Move 6] FINAL DECISION: push (7,4) -> (7,3) | Reasoning: Minimax search
[20:08:24.217] [DECISION] [Move 6] === MOVE DECISION END ===
[20:08:24.254] [DECISION] [Move 7] === MOVE DECISION START === Player: square, Board: 13x12, Time: 30.0402s (vs 59.9746s)
[20:08:28.462] [DEBUG] [Move 7] VALIDATION DEBUG: Generated 63 legal moves for validation
[20:08:28.462] [DEBUG] [Move 7] VALIDATION DEBUG: Minimax returned move: flip (4,3) -> (4,3)
[20:08:28.462] [DEBUG] [Move 7] VALIDATION DEBUG: Legal move 1: move (4,3) -> (3,3)
[20:08:28.462] [DEBUG] [Move 7] VALIDATION DEBUG: Legal move 2: push (4,3) -> (4,4)
[20:08:28.462] [DEBUG] [Move 7] VALIDATION DEBUG: Legal move 3: flip (4,3) -> (4,3)
[20:08:28.462] [DEBUG] [Move 7] VALIDATION DEBUG: Legal move 4: flip (4,3) -> (4,3)
[20:08:28.462] [DEBUG] [Move 7] VALIDATION DEBUG: Legal move 5: push (5,3) -> (4,3)
[20:08:28.462] [DEBUG] [Move 7] VALIDATION DEBUG: Move found in legal moves - SUCCESS!
[20:08:28.462] [DECISION] [Move 7] FINAL DECISION: flip (4,3) -> (4,3) [vertical] | Reasoning: Minimax search
[20:08:28.462] [DECISION] [Move 7] === MOVE DECISION END ===
[20:08:28.500] [DECISION] [Move 8] === MOVE DECISION START === Player: square, Board: 13x12, Time: 25.8312s (vs 59.9708s)
[20:08:34.459] [DEBUG] [Move 8] VALIDATION DEBUG: Generated 74 legal moves for validation
[20:08:34.459] [DEBUG] [Move 8] VALIDATION DEBUG: Minimax returned move: move (7,3) -> (11,3)
[20:08:34.459] [DEBUG] [Move 8] VALIDATION DEBUG: Legal move 1: move (4,3) -> (3,3)
[20:08:34.459] [DEBUG] [Move 8] VALIDATION DEBUG: Legal move 2: push (4,3) -> (4,4)
[20:08:34.459] [DEBUG] [Move 8] VALIDATION DEBUG: Legal move 3: push (4,3) -> (4,4)
[20:08:34.459] [DEBUG] [Move 8] VALIDATION DEBUG: Legal move 4: push (4,3) -> (4,4)
[20:08:34.459] [DEBUG] [Move 8] VALIDATION DEBUG: Legal move 5: push (4,3) -> (4,4)
[20:08:34.459] [DEBUG] [Move 8] VALIDATION DEBUG: Move found in legal moves - SUCCESS!
[20:08:34.459] [DECISION] [Move 8] FINAL DECISION: move (7,3) -> (11,3) | Reasoning: Minimax search
[20:08:34.459] [DECISION] [Move 8] === MOVE DECISION END ===
[20:08:34.496] [DECISION] [Move 9] === MOVE DECISION START === Player: square, Board: 13x12, Time: 19.8712s (vs 59.9677s)
[20:08:38.966] [DEBUG] [Move 9] VALIDATION DEBUG: Generated 73 legal moves for validation
[20:08:38.966] [DEBUG] [Move 9] VALIDATION DEBUG: Minimax returned move: move (7,5) -> (8,5)
[20:08:38.966] [DEBUG] [Move 9] VALIDATION DEBUG: Legal move 1: move (4,3) -> (3,3)
[20:08:38.966] [DEBUG] [Move 9] VALIDATION DEBUG: Legal move 2: push (4,3) -> (4,4)
[20:08:38.966] [DEBUG] [Move 9] VALIDATION DEBUG: Legal move 3: push (4,3) -> (4,4)
[20:08:38.966] [DEBUG] [Move 9] VALIDATION DEBUG: Legal move 4: push (4,3) -> (4,4)
[20:08:38.966] [DEBUG] [Move 9] VALIDATION DEBUG: Legal move 5: push (4,3) -> (4,4)
[20:08:38.966] [DEBUG] [Move 9] VALIDATION DEBUG: Move found in legal moves - SUCCESS!
[20:08:38.966] [DECISION] [Move 9] FINAL DECISION: move (7,5) -> (8,5) | Reasoning: Minimax search
[20:08:38.966] [DECISION] [Move 9] === MOVE DECISION END ===
[20:08:39.004] [DECISION] [Move 10] === MOVE DECISION START === Player: square, Board: 13x12, Time: 15.4003s (vs 59.9645s)
[20:08:42.356] [DEBUG] [Move 10] VALIDATION DEBUG: Generated 72 legal moves for validation
[20:08:42.356] [DEBUG] [Move 10] VALIDATION DEBUG: Minimax returned move: move (8,4) -> (7,3)
[20:08:42.356] [DEBUG] [Move 10] VALIDATION DEBUG: Legal move 1: move (4,3) -> (3,3)
[20:08:42.356] [DEBUG] [Move 10] VALIDATION DEBUG: Legal move 2: push (4,3) -> (4,4)
[20:08:42.356] [DEBUG] [Move 10] VALIDATION DEBUG: Legal move 3: push (4,3) -> (4,4)
[20:08:42.356] [DEBUG] [Move 10] VALIDATION DEBUG: Legal move 4: push (4,3) -> (4,4)
[20:08:42.356] [DEBUG] [Move 10] VALIDATION DEBUG: Legal move 5: push (4,3) -> (4,4)
[20:08:42.356] [DEBUG] [Move 10] VALIDATION DEBUG: Move found in legal moves - SUCCESS!
[20:08:42.356] [DECISION] [Move 10] FINAL DECISION: move (8,4) -> (7,3) | Reasoning: Minimax search
[20:08:42.356] [DECISION] [Move 10] === MOVE DECISION END ===
[20:08:42.393] [DECISION] [Move 11] === MOVE DECISION START === Player: square, Board: 13x12, Time: 12.0477s (vs 59.9613s)
[20:08:44.906] [DEBUG] [Move 11] VALIDATION DEBUG: Generated 56 legal moves for validation
[20:08:44.906] [DEBUG] [Move 11] VALIDATION DEBUG: Minimax returned move: move (4,3) -> (3,3)
[20:08:44.906] [DEBUG] [Move 11] VALIDATION DEBUG: Legal move 1: move (4,3) -> (3,3)
[20:08:44.906] [DEBUG] [Move 11] VALIDATION DEBUG: Legal move 2: push (4,3) -> (4,4)
[20:08:44.906] [DEBUG] [Move 11] VALIDATION DEBUG: Legal move 3: push (4,3) -> (4,4)
[20:08:44.906] [DEBUG] [Move 11] VALIDATION DEBUG: Legal move 4: flip (4,3) -> (4,3)
[20:08:44.906] [DEBUG] [Move 11] VALIDATION DEBUG: Legal move 5: rotate (4,3) -> (4,3)
[20:08:44.906] [DEBUG] [Move 11] VALIDATION DEBUG: Move found in legal moves - SUCCESS!
[20:08:44.906] [DECISION] [Move 11] FINAL DECISION: move (4,3) -> (3,3) | Reasoning: Minimax search
[20:08:44.906] [DECISION] [Move 11] === MOVE DECISION END ===
[20:08:44.943] [DECISION] [Move 12] === MOVE DECISION START === Player: square, Board: 13x12, Time: 9.53434s (vs 59.958s)
[20:08:51.619] [DEBUG] [Move 12] VALIDATION DEBUG: Generated 70 legal moves for validation
[20:08:51.620] [DEBUG] [Move 12] VALIDATION DEBUG: Minimax returned move: move (2,4) -> (1,4)
[20:08:51.620] [DEBUG] [Move 12] VALIDATION DEBUG: Legal move 1: move (3,3) -> (2,3)
[20:08:51.620] [DEBUG] [Move 12] VALIDATION DEBUG: Legal move 2: move (3,3) -> (3,2)
[20:08:51.620] [DEBUG] [Move 12] VALIDATION DEBUG: Legal move 3: move (3,3) -> (4,3)
[20:08:51.620] [DEBUG] [Move 12] VALIDATION DEBUG: Legal move 4: push (3,3) -> (3,4)
[20:08:51.620] [DEBUG] [Move 12] VALIDATION DEBUG: Legal move 5: push (3,3) -> (3,4)
[20:08:51.620] [DEBUG] [Move 12] VALIDATION DEBUG: Move found in legal moves - SUCCESS!
[20:08:51.620] [DECISION] [Move 12] FINAL DECISION: move (2,4) -> (1,4) | Reasoning: Minimax search
[20:08:51.620] [DECISION] [Move 12] === MOVE DECISION END ===
[20:08:51.658] [DECISION] [Move 13] === MOVE DECISION START === Player: square, Board: 13x12, Time: 2.85706s (vs 59.9523s)
[20:08:52.519] [DEBUG] [Move 13] VALIDATION DEBUG: Generated 78 legal moves for validation
[20:08:52.519] [DEBUG] [Move 13] VALIDATION DEBUG: Minimax returned move: move (7,3) -> (10,3)
[20:08:52.519] [DEBUG] [Move 13] VALIDATION DEBUG: Legal move 1: move (3,3) -> (2,3)
[20:08:52.519] [DEBUG] [Move 13] VALIDATION DEBUG: Legal move 2: move (3,3) -> (3,2)
[20:08:52.519] [DEBUG] [Move 13] VALIDATION DEBUG: Legal move 3: move (3,3) -> (4,3)
[20:08:52.519] [DEBUG] [Move 13] VALIDATION DEBUG: Legal move 4: push (3,3) -> (3,4)
[20:08:52.519] [DEBUG] [Move 13] VALIDATION DEBUG: Legal move 5: push (3,3) -> (3,4)
[20:08:52.519] [DEBUG] [Move 13] VALIDATION DEBUG: Move found in legal moves - SUCCESS!
[20:08:52.519] [DECISION] [Move 13] FINAL DECISION: move (7,3) -> (10,3) | Reasoning: Minimax search
[20:08:52.519] [DECISION] [Move 13] === MOVE DECISION END ===
[20:08:52.558] [DECISION] [Move 14] === MOVE DECISION START === Player: square, Board: 13x12, Time: 1.99535s (vs 59.9467s)
[20:08:52.659] [DEBUG] [Move 14] VALIDATION DEBUG: Generated 79 legal moves for validation
[20:08:52.659] [DEBUG] [Move 14] VALIDATION DEBUG: Minimax returned move: flip (5,3) -> (5,3)
[20:08:52.659] [DEBUG] [Move 14] VALIDATION DEBUG: Legal move 1: move (3,3) -> (2,3)
[20:08:52.659] [DEBUG] [Move 14] VALIDATION DEBUG: Legal move 2: move (3,3) -> (3,2)
[20:08:52.659] [DEBUG] [Move 14] VALIDATION DEBUG: Legal move 3: move (3,3) -> (4,3)
[20:08:52.659] [DEBUG] [Move 14] VALIDATION DEBUG: Legal move 4: push (3,3) -> (3,4)
[20:08:52.659] [DEBUG] [Move 14] VALIDATION DEBUG: Legal move 5: push (3,3) -> (3,4)
[20:08:52.659] [DEBUG] [Move 14] VALIDATION DEBUG: Move found in legal moves - SUCCESS!
[20:08:52.659] [DECISION] [Move 14] FINAL DECISION: flip (5,3) -> (5,3) [horizontal] | Reasoning: Minimax search
[20:08:52.659] [DECISION] [Move 14] === MOVE DECISION END ===
[20:08:52.697] [DECISION] [Move 15] === MOVE DECISION START === Player: square, Board: 13x12, Time: 1.89354s (vs 59.9429s)
[20:08:52.798] [DEBUG] [Move 15] VALIDATION DEBUG: Generated 91 legal moves for validation
[20:08:52.798] [DEBUG] [Move 15] VALIDATION DEBUG: Minimax returned move: move (3,4) -> (3,11)
[20:08:52.798] [DEBUG] [Move 15] VALIDATION DEBUG: Legal move 1: move (3,3) -> (2,3)
[20:08:52.798] [DEBUG] [Move 15] VALIDATION DEBUG: Legal move 2: move (3,3) -> (3,2)
[20:08:52.798] [DEBUG] [Move 15] VALIDATION DEBUG: Legal move 3: move (3,3) -> (4,3)
[20:08:52.798] [DEBUG] [Move 15] VALIDATION DEBUG: Legal move 4: push (3,3) -> (3,4)
[20:08:52.798] [DEBUG] [Move 15] VALIDATION DEBUG: Legal move 5: push (3,3) -> (3,4)
[20:08:52.798] [DEBUG] [Move 15] VALIDATION DEBUG: Move found in legal moves - SUCCESS!
[20:08:52.798] [DECISION] [Move 15] FINAL DECISION: move (3,4) -> (3,11) | Reasoning: Minimax search
[20:08:52.798] [DECISION] [Move 15] === MOVE DECISION END ===
[20:08:52.835] [DECISION] [Move 16] === MOVE DECISION START === Player: square, Board: 13x12, Time: 1.79203s (vs 59.9397s)
[20:08:52.936] [DEBUG] [Move 16] VALIDATION DEBUG: Generated 94 legal moves for validation
[20:08:52.936] [DEBUG] [Move 16] VALIDATION DEBUG: Minimax returned move: flip (5,3) -> (5,3)
[20:08:52.936] [DEBUG] [Move 16] VALIDATION DEBUG: Legal move 1: move (3,3) -> (2,3)
[20:08:52.936] [DEBUG] [Move 16] VALIDATION DEBUG: Legal move 2: move (3,3) -> (3,2)
[20:08:52.936] [DEBUG] [Move 16] VALIDATION DEBUG: Legal move 3: move (3,3) -> (3,4)
[20:08:52.936] [DEBUG] [Move 16] VALIDATION DEBUG: Legal move 4: move (3,3) -> (4,3)
[20:08:52.936] [DEBUG] [Move 16] VALIDATION DEBUG: Legal move 5: flip (3,3) -> (3,3)
[20:08:52.936] [DEBUG] [Move 16] VALIDATION DEBUG: Move found in legal moves - SUCCESS!
[20:08:52.936] [DECISION] [Move 16] FINAL DECISION: flip (5,3) -> (5,3) | Reasoning: Minimax search
[20:08:52.936] [DECISION] [Move 16] === MOVE DECISION END ===
[20:08:52.973] [DECISION] [Move 17] === MOVE DECISION START === Player: square, Board: 13x12, Time: 1.68996s (vs 59.9366s)
[20:08:53.075] [DEBUG] [Move 17] VALIDATION DEBUG: Generated 64 legal moves for validation
[20:08:53.075] [DEBUG] [Move 17] VALIDATION DEBUG: Minimax returned move: flip (3,3) -> (3,3)
[20:08:53.075] [DEBUG] [Move 17] VALIDATION DEBUG: Legal move 1: move (3,3) -> (2,3)
[20:08:53.075] [DEBUG] [Move 17] VALIDATION DEBUG: Legal move 2: move (3,3) -> (3,2)
[20:08:53.075] [DEBUG] [Move 17] VALIDATION DEBUG: Legal move 3: move (3,3) -> (3,4)
[20:08:53.075] [DEBUG] [Move 17] VALIDATION DEBUG: Legal move 4: move (3,3) -> (4,3)
[20:08:53.075] [DEBUG] [Move 17] VALIDATION DEBUG: Legal move 5: flip (3,3) -> (3,3)
[20:08:53.075] [DEBUG] [Move 17] VALIDATION DEBUG: Move found in legal moves - SUCCESS!
[20:08:53.075] [DECISION] [Move 17] FINAL DECISION: flip (3,3) -> (3,3) | Reasoning: Minimax search
[20:08:53.075] [DECISION] [Move 17] === MOVE DECISION END ===
[20:08:53.113] [DECISION] [Move 18] === MOVE DECISION START === Player: square, Board: 13x12, Time: 1.58756s (vs 59.9307s)
[20:08:53.216] [DEBUG] [Move 18] VALIDATION DEBUG: Generated 64 legal moves for validation
[20:08:53.216] [DEBUG] [Move 18] VALIDATION DEBUG: Minimax returned move: flip (3,3) -> (3,3)
[20:08:53.216] [DEBUG] [Move 18] VALIDATION DEBUG: Legal move 1: move (3,3) -> (2,3)
[20:08:53.216] [DEBUG] [Move 18] VALIDATION DEBUG: Legal move 2: move (3,3) -> (3,2)
[20:08:53.216] [DEBUG] [Move 18] VALIDATION DEBUG: Legal move 3: move (3,3) -> (3,4)
[20:08:53.216] [DEBUG] [Move 18] VALIDATION DEBUG: Legal move 4: move (3,3) -> (4,3)
[20:08:53.216] [DEBUG] [Move 18] VALIDATION DEBUG: Legal move 5: flip (3,3) -> (3,3)
[20:08:53.216] [DEBUG] [Move 18] VALIDATION DEBUG: Move found in legal moves - SUCCESS!
[20:08:53.216] [DECISION] [Move 18] FINAL DECISION: flip (3,3) -> (3,3) [vertical] | Reasoning: Minimax search
[20:08:53.216] [DECISION] [Move 18] === MOVE DECISION END ===
[20:08:53.255] [DECISION] [Move 19] === MOVE DECISION START === Player: square, Board: 13x12, Time: 1.48364s (vs 59.9253s)
[20:08:53.356] [DEBUG] [Move 19] VALIDATION DEBUG: Generated 64 legal moves for validation
[20:08:53.356] [DEBUG] [Move 19] VALIDATION DEBUG: Minimax returned move: move (3,3) -> (2,3)
[20:08:53.356] [DEBUG] [Move 19] VALIDATION DEBUG: Legal move 1: move (3,3) -> (2,3)
[20:08:53.356] [DEBUG] [Move 19] VALIDATION DEBUG: Legal move 2: move (3,3) -> (3,2)
[20:08:53.356] [DEBUG] [Move 19] VALIDATION DEBUG: Legal move 3: move (3,3) -> (3,4)
[20:08:53.356] [DEBUG] [Move 19] VALIDATION DEBUG: Legal move 4: move (3,3) -> (4,3)
[20:08:53.356] [DEBUG] [Move 19] VALIDATION DEBUG: Legal move 5: flip (3,3) -> (3,3)
[20:08:53.356] [DEBUG] [Move 19] VALIDATION DEBUG: Move found in legal moves - SUCCESS!
[20:08:53.356] [DECISION] [Move 19] FINAL DECISION: move (3,3) -> (2,3) | Reasoning: Minimax search
[20:08:53.356] [DECISION] [Move 19] === MOVE DECISION END ===
[20:08:53.393] [DECISION] [Move 20] === MOVE DECISION START === Player: square, Board: 13x12, Time: 1.38189s (vs 59.9224s)
[20:08:53.495] [DEBUG] [Move 20] VALIDATION DEBUG: Generated 64 legal moves for validation
[20:08:53.495] [DEBUG] [Move 20] VALIDATION DEBUG: Minimax returned move: move (8,5) -> (9,5)
[20:08:53.495] [DEBUG] [Move 20] VALIDATION DEBUG: Legal move 1: move (2,3) -> (1,3)
[20:08:53.495] [DEBUG] [Move 20] VALIDATION DEBUG: Legal move 2: move (2,3) -> (2,2)
[20:08:53.495] [DEBUG] [Move 20] VALIDATION DEBUG: Legal move 3: move (2,3) -> (2,4)
[20:08:53.495] [DEBUG] [Move 20] VALIDATION DEBUG: Legal move 4: move (2,3) -> (3,3)
[20:08:53.495] [DEBUG] [Move 20] VALIDATION DEBUG: Legal move 5: flip (2,3) -> (2,3)
[20:08:53.495] [DEBUG] [Move 20] VALIDATION DEBUG: Move found in legal moves - SUCCESS!
[20:08:53.495] [DECISION] [Move 20] FINAL DECISION: move (8,5) -> (9,5) | Reasoning: Minimax search
[20:08:53.495] [DECISION] [Move 20] === MOVE DECISION END ===
[20:08:53.531] [DECISION] [Move 21] === MOVE DECISION START === Player: square, Board: 13x12, Time: 1.27994s (vs 59.9195s)
[20:08:53.632] [DEBUG] [Move 21] VALIDATION DEBUG: Generated 64 legal moves for validation
[20:08:53.632] [DEBUG] [Move 21] VALIDATION DEBUG: Minimax returned move: flip (2,3) -> (2,3)
[20:08:53.632] [DEBUG] [Move 21] VALIDATION DEBUG: Legal move 1: move (2,3) -> (1,3)
[20:08:53.632] [DEBUG] [Move 21] VALIDATION DEBUG: Legal move 2: move (2,3) -> (2,2)
[20:08:53.632] [DEBUG] [Move 21] VALIDATION DEBUG: Legal move 3: move (2,3) -> (2,4)
[20:08:53.632] [DEBUG] [Move 21] VALIDATION DEBUG: Legal move 4: move (2,3) -> (3,3)
[20:08:53.632] [DEBUG] [Move 21] VALIDATION DEBUG: Legal move 5: flip (2,3) -> (2,3)
[20:08:53.632] [DEBUG] [Move 21] VALIDATION DEBUG: Move found in legal moves - SUCCESS!
[20:08:53.632] [DECISION] [Move 21] FINAL DECISION: flip (2,3) -> (2,3) | Reasoning: Minimax search
[20:08:53.632] [DECISION] [Move 21] === MOVE DECISION END ===
[20:08:53.669] [DECISION] [Move 22] === MOVE DECISION START === Player: square, Board: 13x12, Time: 1.17828s (vs 59.9168s)
[20:08:53.770] [DEBUG] [Move 22] VALIDATION DEBUG: Generated 64 legal moves for validation
[20:08:53.770] [DEBUG] [Move 22] VALIDATION DEBUG: Minimax returned move: move (2,3) -> (1,3)
[20:08:53.770] [DEBUG] [Move 22] VALIDATION DEBUG: Legal move 1: move (2,3) -> (1,3)
[20:08:53.771] [DEBUG] [Move 22] VALIDATION DEBUG: Legal move 2: move (2,3) -> (2,2)
[20:08:53.771] [DEBUG] [Move 22] VALIDATION DEBUG: Legal move 3: move (2,3) -> (2,4)
[20:08:53.771] [DEBUG] [Move 22] VALIDATION DEBUG: Legal move 4: move (2,3) -> (3,3)
[20:08:53.771] [DEBUG] [Move 22] VALIDATION DEBUG: Legal move 5: flip (2,3) -> (2,3)
[20:08:53.771] [DEBUG] [Move 22] VALIDATION DEBUG: Move found in legal moves - SUCCESS!
[20:08:53.771] [DECISION] [Move 22] FINAL DECISION: move (2,3) -> (1,3) | Reasoning: Minimax search
[20:08:53.771] [DECISION] [Move 22] === MOVE DECISION END ===
[20:08:53.807] [DECISION] [Move 23] === MOVE DECISION START === Player: square, Board: 13x12, Time: 1.07658s (vs 59.9143s)
[20:08:53.910] [DEBUG] [Move 23] VALIDATION DEBUG: Generated 64 legal moves for validation
[20:08:53.910] [DEBUG] [Move 23] VALIDATION DEBUG: Minimax returned move: flip (1,3) -> (1,3)
[20:08:53.910] [DEBUG] [Move 23] VALIDATION DEBUG: Legal move 1: move (1,3) -> (0,3)
[20:08:53.910] [DEBUG] [Move 23] VALIDATION DEBUG: Legal move 2: move (1,3) -> (1,2)
[20:08:53.910] [DEBUG] [Move 23] VALIDATION DEBUG: Legal move 3: move (1,3) -> (2,3)
[20:08:53.910] [DEBUG] [Move 23] VALIDATION DEBUG: Legal move 4: push (1,3) -> (1,4)
[20:08:53.910] [DEBUG] [Move 23] VALIDATION DEBUG: Legal move 5: flip (1,3) -> (1,3)
[20:08:53.910] [DEBUG] [Move 23] VALIDATION DEBUG: Move found in legal moves - SUCCESS!
[20:08:53.910] [DECISION] [Move 23] FINAL DECISION: flip (1,3) -> (1,3) [horizontal] | Reasoning: Minimax search
[20:08:53.910] [DECISION] [Move 23] === MOVE DECISION END ===
[20:08:53.948] [DECISION] [Move 24] === MOVE DECISION START === Player: square, Board: 13x12, Time: 0.973667s (vs 59.9096s)
[20:08:54.049] [DEBUG] [Move 24] VALIDATION DEBUG: Generated 69 legal moves for validation
[20:08:54.050] [DEBUG] [Move 24] VALIDATION DEBUG: Minimax returned move: move (1,3) -> (0,3)
[20:08:54.050] [DEBUG] [Move 24] VALIDATION DEBUG: Legal move 1: move (1,3) -> (0,3)
[20:08:54.050] [DEBUG] [Move 24] VALIDATION DEBUG: Legal move 2: move (1,3) -> (1,2)
[20:08:54.050] [DEBUG] [Move 24] VALIDATION DEBUG: Legal move 3: move (1,3) -> (2,3)
[20:08:54.050] [DEBUG] [Move 24] VALIDATION DEBUG: Legal move 4: push (1,3) -> (1,4)
[20:08:54.050] [DEBUG] [Move 24] VALIDATION DEBUG: Legal move 5: push (1,3) -> (1,4)
[20:08:54.050] [DEBUG] [Move 24] VALIDATION DEBUG: Move found in legal moves - SUCCESS!
[20:08:54.050] [DECISION] [Move 24] FINAL DECISION: move (1,3) -> (0,3) | Reasoning: Minimax search
[20:08:54.050] [DECISION] [Move 24] === MOVE DECISION END ===
[20:08:54.088] [DECISION] [Move 25] === MOVE DECISION START === Player: square, Board: 13x12, Time: 0.871288s (vs 59.9055s)
[20:08:54.189] [DEBUG] [Move 25] VALIDATION DEBUG: Generated 63 legal moves for validation
[20:08:54.189] [DEBUG] [Move 25] VALIDATION DEBUG: Minimax returned move: flip (0,3) -> (0,3)
[20:08:54.189] [DEBUG] [Move 25] VALIDATION DEBUG: Legal move 1: move (0,3) -> (0,2)
[20:08:54.189] [DEBUG] [Move 25] VALIDATION DEBUG: Legal move 2: move (0,3) -> (0,4)
[20:08:54.189] [DEBUG] [Move 25] VALIDATION DEBUG: Legal move 3: move (0,3) -> (1,3)
[20:08:54.189] [DEBUG] [Move 25] VALIDATION DEBUG: Legal move 4: flip (0,3) -> (0,3)
[20:08:54.189] [DEBUG] [Move 25] VALIDATION DEBUG: Legal move 5: rotate (0,3) -> (0,3)
[20:08:54.189] [DEBUG] [Move 25] VALIDATION DEBUG: Move found in legal moves - SUCCESS!
[20:08:54.189] [DECISION] [Move 25] FINAL DECISION: flip (0,3) -> (0,3) | Reasoning: Minimax search
[20:08:54.189] [DECISION] [Move 25] === MOVE DECISION END ===
[20:08:54.227] [DECISION] [Move 26] === MOVE DECISION START === Player: square, Board: 13x12, Time: 0.769587s (vs 59.9022s)
[20:08:54.328] [DEBUG] [Move 26] VALIDATION DEBUG: Generated 63 legal moves for validation
[20:08:54.328] [DEBUG] [Move 26] VALIDATION DEBUG: Minimax returned move: move (0,3) -> (0,2)
[20:08:54.328] [DEBUG] [Move 26] VALIDATION DEBUG: Legal move 1: move (0,3) -> (0,2)
[20:08:54.328] [DEBUG] [Move 26] VALIDATION DEBUG: Legal move 2: move (0,3) -> (0,4)
[20:08:54.328] [DEBUG] [Move 26] VALIDATION DEBUG: Legal move 3: move (0,3) -> (1,3)
[20:08:54.328] [DEBUG] [Move 26] VALIDATION DEBUG: Legal move 4: flip (0,3) -> (0,3)
[20:08:54.328] [DEBUG] [Move 26] VALIDATION DEBUG: Legal move 5: flip (0,3) -> (0,3)
[20:08:54.328] [DEBUG] [Move 26] VALIDATION DEBUG: Move found in legal moves - SUCCESS!
[20:08:54.328] [DECISION] [Move 26] FINAL DECISION: move (0,3) -> (0,2) | Reasoning: Minimax search
[20:08:54.328] [DECISION] [Move 26] === MOVE DECISION END ===
[20:08:54.364] [DECISION] [Move 27] === MOVE DECISION START === Player: square, Board: 13x12, Time: 0.667948s (vs 59.8974s)
[20:08:54.465] [DEBUG] [Move 27] VALIDATION DEBUG: Generated 63 legal moves for validation
[20:08:54.465] [DEBUG] [Move 27] VALIDATION DEBUG: Minimax returned move: move (4,4) -> (3,4)
[20:08:54.465] [DEBUG] [Move 27] VALIDATION DEBUG: Legal move 1: move (0,2) -> (0,1)
[20:08:54.465] [DEBUG] [Move 27] VALIDATION DEBUG: Legal move 2: move (0,2) -> (0,3)
[20:08:54.465] [DEBUG] [Move 27] VALIDATION DEBUG: Legal move 3: move (0,2) -> (1,2)
[20:08:54.465] [DEBUG] [Move 27] VALIDATION DEBUG: Legal move 4: flip (0,2) -> (0,2)
[20:08:54.465] [DEBUG] [Move 27] VALIDATION DEBUG: Legal move 5: flip (0,2) -> (0,2)
[20:08:54.465] [DEBUG] [Move 27] VALIDATION DEBUG: Move found in legal moves - SUCCESS!
[20:08:54.465] [DECISION] [Move 27] FINAL DECISION: move (4,4) -> (3,4) | Reasoning: Minimax search
[20:08:54.465] [DECISION] [Move 27] === MOVE DECISION END ===
[20:08:54.502] [DECISION] [Move 28] === MOVE DECISION START === Player: square, Board: 13x12, Time: 0.566353s (vs 59.8948s)
[20:08:54.604] [DEBUG] [Move 28] VALIDATION DEBUG: Generated 65 legal moves for validation
[20:08:54.604] [DEBUG] [Move 28] VALIDATION DEBUG: Minimax returned move: flip (0,2) -> (0,2)
[20:08:54.604] [DEBUG] [Move 28] VALIDATION DEBUG: Legal move 1: move (0,2) -> (0,1)
[20:08:54.604] [DEBUG] [Move 28] VALIDATION DEBUG: Legal move 2: move (0,2) -> (0,3)
[20:08:54.604] [DEBUG] [Move 28] VALIDATION DEBUG: Legal move 3: move (0,2) -> (1,2)
[20:08:54.604] [DEBUG] [Move 28] VALIDATION DEBUG: Legal move 4: flip (0,2) -> (0,2)
[20:08:54.604] [DEBUG] [Move 28] VALIDATION DEBUG: Legal move 5: flip (0,2) -> (0,2)
[20:08:54.604] [DEBUG] [Move 28] VALIDATION DEBUG: Move found in legal moves - SUCCESS!
[20:08:54.604] [DECISION] [Move 28] FINAL DECISION: flip (0,2) -> (0,2) [horizontal] | Reasoning: Minimax search
[20:08:54.604] [DECISION] [Move 28] === MOVE DECISION END ===
[20:08:54.641] [DECISION] [Move 29] === MOVE DECISION START === Player: square, Board: 13x12, Time: 0.464567s (vs 59.892s)
[20:08:54.743] [DEBUG] [Move 29] VALIDATION DEBUG: Generated 65 legal moves for validation
[20:08:54.743] [DEBUG] [Move 29] VALIDATION DEBUG: Minimax returned move: flip (9,5) -> (9,5)
[20:08:54.743] [DEBUG] [Move 29] VALIDATION DEBUG: Legal move 1: move (0,2) -> (0,1)
[20:08:54.743] [DEBUG] [Move 29] VALIDATION DEBUG: Legal move 2: move (0,2) -> (0,3)
[20:08:54.743] [DEBUG] [Move 29] VALIDATION DEBUG: Legal move 3: move (0,2) -> (1,2)
[20:08:54.743] [DEBUG] [Move 29] VALIDATION DEBUG: Legal move 4: flip (0,2) -> (0,2)
[20:08:54.743] [DEBUG] [Move 29] VALIDATION DEBUG: Legal move 5: rotate (0,2) -> (0,2)
[20:08:54.743] [DEBUG] [Move 29] VALIDATION DEBUG: Move found in legal moves - SUCCESS!
[20:08:54.743] [DECISION] [Move 29] FINAL DECISION: flip (9,5) -> (9,5) [horizontal] | Reasoning: Minimax search
[20:08:54.743] [DECISION] [Move 29] === MOVE DECISION END ===
[20:08:54.781] [DECISION] [Move 30] === MOVE DECISION START === Player: square, Board: 13x12, Time: 0.361685s (vs 59.8868s)
[20:08:54.882] [DEBUG] [Move 30] VALIDATION DEBUG: Generated 64 legal moves for validation
[20:08:54.882] [DEBUG] [Move 30] VALIDATION DEBUG: Minimax returned move: move (10,3) -> (9,3)
[20:08:54.882] [DEBUG] [Move 30] VALIDATION DEBUG: Legal move 1: move (0,2) -> (0,1)
[20:08:54.882] [DEBUG] [Move 30] VALIDATION DEBUG: Legal move 2: move (0,2) -> (0,3)
[20:08:54.882] [DEBUG] [Move 30] VALIDATION DEBUG: Legal move 3: move (0,2) -> (1,2)
[20:08:54.882] [DEBUG] [Move 30] VALIDATION DEBUG: Legal move 4: flip (0,2) -> (0,2)
[20:08:54.882] [DEBUG] [Move 30] VALIDATION DEBUG: Legal move 5: rotate (0,2) -> (0,2)
[20:08:54.882] [DEBUG] [Move 30] VALIDATION DEBUG: Move found in legal moves - SUCCESS!
[20:08:54.882] [DECISION] [Move 30] FINAL DECISION: move (10,3) -> (9,3) | Reasoning: Minimax search
[20:08:54.882] [DECISION] [Move 30] === MOVE DECISION END ===
[20:08:54.918] [DECISION] [Move 31] === MOVE DECISION START === Player: square, Board: 13x12, Time: 0.260229s (vs 59.8841s)
[20:08:55.019] [DEBUG] [Move 31] VALIDATION DEBUG: Generated 66 legal moves for validation
[20:08:55.020] [DEBUG] [Move 31] VALIDATION DEBUG: Minimax returned move: flip (0,2) -> (0,2)
[20:08:55.020] [DEBUG] [Move 31] VALIDATION DEBUG: Legal move 1: move (0,2) -> (0,1)
[20:08:55.020] [DEBUG] [Move 31] VALIDATION DEBUG: Legal move 2: move (0,2) -> (0,3)
[20:08:55.020] [DEBUG] [Move 31] VALIDATION DEBUG: Legal move 3: move (0,2) -> (1,2)
[20:08:55.020] [DEBUG] [Move 31] VALIDATION DEBUG: Legal move 4: flip (0,2) -> (0,2)
[20:08:55.020] [DEBUG] [Move 31] VALIDATION DEBUG: Legal move 5: rotate (0,2) -> (0,2)
[20:08:55.020] [DEBUG] [Move 31] VALIDATION DEBUG: Move found in legal moves - SUCCESS!
[20:08:55.020] [DECISION] [Move 31] FINAL DECISION: flip (0,2) -> (0,2) | Reasoning: Minimax search
[20:08:55.020] [DECISION] [Move 31] === MOVE DECISION END ===
[20:08:55.058] [DECISION] [Move 32] === MOVE DECISION START === Player: square, Board: 13x12, Time: 0.158207s (vs 59.8792s)
[20:08:55.159] [DEBUG] [Move 32] VALIDATION DEBUG: Generated 66 legal moves for validation
[20:08:55.159] [DEBUG] [Move 32] VALIDATION DEBUG: Minimax returned move: move (8,3) -> (8,4)
[20:08:55.159] [DEBUG] [Move 32] VALIDATION DEBUG: Legal move 1: move (0,2) -> (0,1)
[20:08:55.159] [DEBUG] [Move 32] VALIDATION DEBUG: Legal move 2: move (0,2) -> (0,3)
[20:08:55.159] [DEBUG] [Move 32] VALIDATION DEBUG: Legal move 3: move (0,2) -> (1,2)
[20:08:55.159] [DEBUG] [Move 32] VALIDATION DEBUG: Legal move 4: flip (0,2) -> (0,2)
[20:08:55.159] [DEBUG] [Move 32] VALIDATION DEBUG: Legal move 5: flip (0,2) -> (0,2)
[20:08:55.159] [DEBUG] [Move 32] VALIDATION DEBUG: Move found in legal moves - SUCCESS!
[20:08:55.159] [DECISION] [Move 32] FINAL DECISION: move (8,3) -> (8,4) | Reasoning: Minimax search
[20:08:55.159] [DECISION] [Move 32] === MOVE DECISION END ===
[20:08:55.197] [DECISION] [Move 33] === MOVE DECISION START === Player: square, Board: 13x12, Time: 0.0565968s (vs 59.8764s)
[20:08:55.238] [DEBUG] [Move 33] VALIDATION DEBUG: Generated 65 legal moves for validation
[20:08:55.238] [DEBUG] [Move 33] VALIDATION DEBUG: Minimax returned move: move (3,4) -> (4,4)
[20:08:55.238] [DEBUG] [Move 33] VALIDATION DEBUG: Legal move 1: move (0,2) -> (0,1)
[20:08:55.238] [DEBUG] [Move 33] VALIDATION DEBUG: Legal move 2: move (0,2) -> (0,3)
[20:08:55.238] [DEBUG] [Move 33] VALIDATION DEBUG: Legal move 3: move (0,2) -> (1,2)
[20:08:55.238] [DEBUG] [Move 33] VALIDATION DEBUG: Legal move 4: flip (0,2) -> (0,2)
[20:08:55.238] [DEBUG] [Move 33] VALIDATION DEBUG: Legal move 5: flip (0,2) -> (0,2)
[20:08:55.238] [DEBUG] [Move 33] VALIDATION DEBUG: Move found in legal moves - SUCCESS!
[20:08:55.238] [DECISION] [Move 33] FINAL DECISION: move (3,4) -> (4,4) | Reasoning: Minimax search
[20:08:55.238] [DECISION] [Move 33] === MOVE DECISION END ===
[20:08:55.275] [DECISION] [Move 34] === MOVE DECISION START === Player: square, Board: 13x12, Time: 0.0151441s (vs 59.8737s)
[20:08:55.287] [DEBUG] [Move 34] VALIDATION DEBUG: Generated 63 legal moves for validation
[20:08:55.287] [DEBUG] [Move 34] VALIDATION DEBUG: Minimax returned move: move (4,4) -> (3,4)
[20:08:55.287] [DEBUG] [Move 34] VALIDATION DEBUG: Legal move 1: move (0,2) -> (0,1)
[20:08:55.287] [DEBUG] [Move 34] VALIDATION DEBUG: Legal move 2: move (0,2) -> (0,3)
[20:08:55.287] [DEBUG] [Move 34] VALIDATION DEBUG: Legal move 3: move (0,2) -> (1,2)
[20:08:55.287] [DEBUG] [Move 34] VALIDATION DEBUG: Legal move 4: flip (0,2) -> (0,2)
[20:08:55.287] [DEBUG] [Move 34] VALIDATION DEBUG: Legal move 5: flip (0,2) -> (0,2)
[20:08:55.287] [DEBUG] [Move 34] VALIDATION DEBUG: Move found in legal moves - SUCCESS!
[20:08:55.287] [DECISION] [Move 34] FINAL DECISION: move (4,4) -> (3,4) | Reasoning: Minimax search
[20:08:55.287] [DECISION] [Move 34] === MOVE DECISION END ===
[20:08:55.343] [DECISION] [Move 35] === MOVE DECISION START === Player: square, Board: 13x12, Time: 0.00240803s (vs 59.869s)
[20:08:55.347] [DEBUG] [Move 35] VALIDATION DEBUG: Generated 65 legal moves for validation
[20:08:55.347] [DEBUG] [Move 35] VALIDATION DEBUG: Minimax returned move: move (0,2) -> (0,1)
[20:08:55.347] [DEBUG] [Move 35] VALIDATION DEBUG: Legal move 1: move (0,2) -> (0,1)
[20:08:55.347] [DEBUG] [Move 35] VALIDATION DEBUG: Legal move 2: move (0,2) -> (0,3)
[20:08:55.347] [DEBUG] [Move 35] VALIDATION DEBUG: Legal move 3: move (0,2) -> (1,2)
[20:08:55.347] [DEBUG] [Move 35] VALIDATION DEBUG: Legal move 4: flip (0,2) -> (0,2)
[20:08:55.347] [DEBUG] [Move 35] VALIDATION DEBUG: Legal move 5: flip (0,2) -> (0,2)
[20:08:55.347] [DEBUG] [Move 35] VALIDATION DEBUG: Move found in legal moves - SUCCESS!
[20:08:55.347] [DECISION] [Move 35] FINAL DECISION: move (0,2) -> (0,1) | Reasoning: Minimax search
[20:08:55.347] [DECISION] [Move 35] === MOVE DECISION END ===
