========================================
AI AGENT DECISION LOG - Session 20250923_195719_867
========================================
Timestamp: 19:57:19.867
Log Level: 0

[19:57:19.934] [DECISION] [Move 1] === MOVE DECISION START === Player: square, Board: 13x12, Time: 60s (vs 59.9959s)
[19:57:24.934] [DEBUG] [Move 1] VALIDATION DEBUG: Generated 48 legal moves for validation
[19:57:24.935] [DEBUG] [Move 1] VALIDATION DEBUG: Minimax returned move: move (3,3) -> (2,3)
[19:57:24.935] [DEBUG] [Move 1] VALIDATION DEBUG: Legal move 1: move (3,3) -> (2,3)
[19:57:24.935] [DEBUG] [Move 1] VALIDATION DEBUG: Legal move 2: move (3,3) -> (3,2)
[19:57:24.935] [DEBUG] [Move 1] VALIDATION DEBUG: Legal move 3: push (3,3) -> (3,4)
[19:57:24.935] [DEBUG] [Move 1] VALIDATION DEBUG: Legal move 4: flip (3,3) -> (3,3)
[19:57:24.935] [DEBUG] [Move 1] VALIDATION DEBUG: Legal move 5: flip (3,3) -> (3,3)
[19:57:24.935] [DEBUG] [Move 1] VALIDATION DEBUG: Move found in legal moves - SUCCESS!
[19:57:24.935] [DECISION] [Move 1] FINAL DECISION: move (3,3) -> (2,3) | Reasoning: Minimax search
[19:57:24.935] [DECISION] [Move 1] === MOVE DECISION END ===
[19:57:24.972] [DECISION] [Move 2] === MOVE DECISION START === Player: square, Board: 13x12, Time: 54.9987s (vs 59.9914s)
[19:57:29.973] [DEBUG] [Move 2] VALIDATION DEBUG: Generated 50 legal moves for validation
[19:57:29.973] [DEBUG] [Move 2] VALIDATION DEBUG: Minimax returned move: move (2,3) -> (2,4)
[19:57:29.973] [DEBUG] [Move 2] VALIDATION DEBUG: Legal move 1: move (2,3) -> (1,3)
[19:57:29.973] [DEBUG] [Move 2] VALIDATION DEBUG: Legal move 2: move (2,3) -> (2,2)
[19:57:29.973] [DEBUG] [Move 2] VALIDATION DEBUG: Legal move 3: move (2,3) -> (2,4)
[19:57:29.973] [DEBUG] [Move 2] VALIDATION DEBUG: Legal move 4: move (2,3) -> (3,3)
[19:57:29.973] [DEBUG] [Move 2] VALIDATION DEBUG: Legal move 5: flip (2,3) -> (2,3)
[19:57:29.973] [DEBUG] [Move 2] VALIDATION DEBUG: Move found in legal moves - SUCCESS!
[19:57:29.973] [DECISION] [Move 2] FINAL DECISION: move (2,3) -> (2,4) | Reasoning: Minimax search
[19:57:29.973] [DECISION] [Move 2] === MOVE DECISION END ===
[19:57:30.009] [DECISION] [Move 3] === MOVE DECISION START === Player: square, Board: 13x12, Time: 49.9971s (vs 59.9881s)
[19:57:35.010] [DEBUG] [Move 3] VALIDATION DEBUG: Generated 48 legal moves for validation
[19:57:35.011] [DEBUG] [Move 3] VALIDATION DEBUG: Minimax returned move: flip (3,4) -> (3,4)
[19:57:35.011] [DEBUG] [Move 3] VALIDATION DEBUG: Legal move 1: move (4,3) -> (3,3)
[19:57:35.011] [DEBUG] [Move 3] VALIDATION DEBUG: Legal move 2: push (4,3) -> (4,4)
[19:57:35.011] [DEBUG] [Move 3] VALIDATION DEBUG: Legal move 3: flip (4,3) -> (4,3)
[19:57:35.011] [DEBUG] [Move 3] VALIDATION DEBUG: Legal move 4: flip (4,3) -> (4,3)
[19:57:35.011] [DEBUG] [Move 3] VALIDATION DEBUG: Legal move 5: push (5,3) -> (4,3)
[19:57:35.011] [DEBUG] [Move 3] VALIDATION DEBUG: Move found in legal moves - SUCCESS!
[19:57:35.011] [DECISION] [Move 3] FINAL DECISION: flip (3,4) -> (3,4) [vertical] | Reasoning: Minimax search
[19:57:35.011] [DECISION] [Move 3] === MOVE DECISION END ===
[19:57:35.048] [DECISION] [Move 4] === MOVE DECISION START === Player: square, Board: 13x12, Time: 44.9955s (vs 59.9845s)
[19:57:40.049] [DEBUG] [Move 4] VALIDATION DEBUG: Generated 81 legal moves for validation
[19:57:40.049] [DEBUG] [Move 4] VALIDATION DEBUG: Minimax returned move: flip (6,3) -> (6,3)
[19:57:40.049] [DEBUG] [Move 4] VALIDATION DEBUG: Legal move 1: move (4,3) -> (3,3)
[19:57:40.049] [DEBUG] [Move 4] VALIDATION DEBUG: Legal move 2: push (4,3) -> (4,4)
[19:57:40.049] [DEBUG] [Move 4] VALIDATION DEBUG: Legal move 3: flip (4,3) -> (4,3)
[19:57:40.049] [DEBUG] [Move 4] VALIDATION DEBUG: Legal move 4: flip (4,3) -> (4,3)
[19:57:40.049] [DEBUG] [Move 4] VALIDATION DEBUG: Legal move 5: push (5,3) -> (4,3)
[19:57:40.049] [DEBUG] [Move 4] VALIDATION DEBUG: Move found in legal moves - SUCCESS!
[19:57:40.049] [DECISION] [Move 4] FINAL DECISION: flip (6,3) -> (6,3) [vertical] | Reasoning: Minimax search
[19:57:40.049] [DECISION] [Move 4] === MOVE DECISION END ===
[19:57:40.085] [DECISION] [Move 5] === MOVE DECISION START === Player: square, Board: 13x12, Time: 39.9942s (vs 59.9812s)
[19:57:45.086] [DEBUG] [Move 5] VALIDATION DEBUG: Generated 76 legal moves for validation
[19:57:45.086] [DEBUG] [Move 5] VALIDATION DEBUG: Minimax returned move: flip (8,3) -> (8,3)
[19:57:45.086] [DEBUG] [Move 5] VALIDATION DEBUG: Legal move 1: move (4,3) -> (3,3)
[19:57:45.086] [DEBUG] [Move 5] VALIDATION DEBUG: Legal move 2: push (4,3) -> (4,4)
[19:57:45.086] [DEBUG] [Move 5] VALIDATION DEBUG: Legal move 3: flip (4,3) -> (4,3)
[19:57:45.086] [DEBUG] [Move 5] VALIDATION DEBUG: Legal move 4: flip (4,3) -> (4,3)
[19:57:45.086] [DEBUG] [Move 5] VALIDATION DEBUG: Legal move 5: push (5,3) -> (4,3)
[19:57:45.086] [DEBUG] [Move 5] VALIDATION DEBUG: Move found in legal moves - SUCCESS!
[19:57:45.086] [DECISION] [Move 5] FINAL DECISION: flip (8,3) -> (8,3) [vertical] | Reasoning: Minimax search
[19:57:45.086] [DECISION] [Move 5] === MOVE DECISION END ===
[19:57:45.124] [DECISION] [Move 6] === MOVE DECISION START === Player: square, Board: 13x12, Time: 34.9922s (vs 59.978s)
[19:57:50.074] [DEBUG] [Move 6] VALIDATION DEBUG: Generated 90 legal moves for validation
[19:57:50.074] [DEBUG] [Move 6] VALIDATION DEBUG: Minimax returned move: flip (7,3) -> (7,3)
[19:57:50.074] [DEBUG] [Move 6] VALIDATION DEBUG: Legal move 1: move (4,3) -> (3,3)
[19:57:50.074] [DEBUG] [Move 6] VALIDATION DEBUG: Legal move 2: push (4,3) -> (4,4)
[19:57:50.074] [DEBUG] [Move 6] VALIDATION DEBUG: Legal move 3: flip (4,3) -> (4,3)
[19:57:50.074] [DEBUG] [Move 6] VALIDATION DEBUG: Legal move 4: flip (4,3) -> (4,3)
[19:57:50.074] [DEBUG] [Move 6] VALIDATION DEBUG: Legal move 5: push (5,3) -> (4,3)
[19:57:50.074] [DEBUG] [Move 6] VALIDATION DEBUG: Move found in legal moves - SUCCESS!
[19:57:50.074] [DECISION] [Move 6] FINAL DECISION: flip (7,3) -> (7,3) [horizontal] | Reasoning: Minimax search
[19:57:50.074] [DECISION] [Move 6] === MOVE DECISION END ===
[19:57:50.111] [DECISION] [Move 7] === MOVE DECISION START === Player: square, Board: 13x12, Time: 30.0418s (vs 59.9749s)
[19:57:54.319] [DEBUG] [Move 7] VALIDATION DEBUG: Generated 95 legal moves for validation
[19:57:54.319] [DEBUG] [Move 7] VALIDATION DEBUG: Minimax returned move: rotate (6,3) -> (6,3)
[19:57:54.319] [DEBUG] [Move 7] VALIDATION DEBUG: Legal move 1: move (4,3) -> (3,3)
[19:57:54.319] [DEBUG] [Move 7] VALIDATION DEBUG: Legal move 2: push (4,3) -> (4,4)
[19:57:54.319] [DEBUG] [Move 7] VALIDATION DEBUG: Legal move 3: flip (4,3) -> (4,3)
[19:57:54.319] [DEBUG] [Move 7] VALIDATION DEBUG: Legal move 4: flip (4,3) -> (4,3)
[19:57:54.319] [DEBUG] [Move 7] VALIDATION DEBUG: Legal move 5: push (5,3) -> (4,3)
[19:57:54.319] [DEBUG] [Move 7] VALIDATION DEBUG: Move found in legal moves - SUCCESS!
[19:57:54.319] [DECISION] [Move 7] FINAL DECISION: rotate (6,3) -> (6,3) | Reasoning: Minimax search
[19:57:54.319] [DECISION] [Move 7] === MOVE DECISION END ===
[19:57:54.356] [DECISION] [Move 8] === MOVE DECISION START === Player: square, Board: 13x12, Time: 25.8333s (vs 59.9719s)
[19:58:00.316] [DEBUG] [Move 8] VALIDATION DEBUG: Generated 99 legal moves for validation
[19:58:00.316] [DEBUG] [Move 8] VALIDATION DEBUG: Minimax returned move: push (6,3) -> (5,3)
[19:58:00.316] [DEBUG] [Move 8] VALIDATION DEBUG: Legal move 1: move (4,3) -> (3,3)
[19:58:00.316] [DEBUG] [Move 8] VALIDATION DEBUG: Legal move 2: push (4,3) -> (4,4)
[19:58:00.316] [DEBUG] [Move 8] VALIDATION DEBUG: Legal move 3: flip (4,3) -> (4,3)
[19:58:00.316] [DEBUG] [Move 8] VALIDATION DEBUG: Legal move 4: flip (4,3) -> (4,3)
[19:58:00.316] [DEBUG] [Move 8] VALIDATION DEBUG: Legal move 5: move (5,3) -> (8,0)
[19:58:00.316] [DEBUG] [Move 8] VALIDATION DEBUG: Move found in legal moves - SUCCESS!
[19:58:00.316] [DECISION] [Move 8] FINAL DECISION: push (6,3) -> (5,3) | Reasoning: Minimax search
[19:58:00.316] [DECISION] [Move 8] === MOVE DECISION END ===
[19:58:00.353] [DECISION] [Move 9] === MOVE DECISION START === Player: square, Board: 13x12, Time: 19.8723s (vs 59.9687s)
[19:58:04.823] [DEBUG] [Move 9] VALIDATION DEBUG: Generated 89 legal moves for validation
[19:58:04.823] [DEBUG] [Move 9] VALIDATION DEBUG: Minimax returned move: flip (4,4) -> (4,4)
[19:58:04.823] [DEBUG] [Move 9] VALIDATION DEBUG: Legal move 1: move (8,1) -> (7,1)
[19:58:04.823] [DEBUG] [Move 9] VALIDATION DEBUG: Legal move 2: move (8,1) -> (8,0)
[19:58:04.823] [DEBUG] [Move 9] VALIDATION DEBUG: Legal move 3: move (8,1) -> (8,2)
[19:58:04.823] [DEBUG] [Move 9] VALIDATION DEBUG: Legal move 4: move (8,1) -> (9,1)
[19:58:04.823] [DEBUG] [Move 9] VALIDATION DEBUG: Legal move 5: flip (8,1) -> (8,1)
[19:58:04.823] [DEBUG] [Move 9] VALIDATION DEBUG: Move found in legal moves - SUCCESS!
[19:58:04.823] [DECISION] [Move 9] FINAL DECISION: flip (4,4) -> (4,4) [vertical] | Reasoning: Minimax search
[19:58:04.823] [DECISION] [Move 9] === MOVE DECISION END ===
[19:58:04.860] [DECISION] [Move 10] === MOVE DECISION START === Player: square, Board: 13x12, Time: 15.4016s (vs 59.9657s)
[19:58:08.212] [DEBUG] [Move 10] VALIDATION DEBUG: Generated 118 legal moves for validation
[19:58:08.212] [DEBUG] [Move 10] VALIDATION DEBUG: Minimax returned move: flip (8,1) -> (8,1)
[19:58:08.212] [DEBUG] [Move 10] VALIDATION DEBUG: Legal move 1: move (8,1) -> (7,1)
[19:58:08.212] [DEBUG] [Move 10] VALIDATION DEBUG: Legal move 2: move (8,1) -> (8,0)
[19:58:08.212] [DEBUG] [Move 10] VALIDATION DEBUG: Legal move 3: move (8,1) -> (8,2)
[19:58:08.212] [DEBUG] [Move 10] VALIDATION DEBUG: Legal move 4: move (8,1) -> (9,1)
[19:58:08.212] [DEBUG] [Move 10] VALIDATION DEBUG: Legal move 5: flip (8,1) -> (8,1)
[19:58:08.212] [DEBUG] [Move 10] VALIDATION DEBUG: Move found in legal moves - SUCCESS!
[19:58:08.212] [DECISION] [Move 10] FINAL DECISION: flip (8,1) -> (8,1) [vertical] | Reasoning: Minimax search
[19:58:08.212] [DECISION] [Move 10] === MOVE DECISION END ===
[19:58:08.248] [DECISION] [Move 11] === MOVE DECISION START === Player: square, Board: 13x12, Time: 12.0485s (vs 59.9627s)
[19:58:10.762] [DEBUG] [Move 11] VALIDATION DEBUG: Generated 126 legal moves for validation
[19:58:10.762] [DEBUG] [Move 11] VALIDATION DEBUG: Minimax returned move: move (8,1) -> (9,1)
[19:58:10.762] [DEBUG] [Move 11] VALIDATION DEBUG: Legal move 1: move (8,1) -> (7,1)
[19:58:10.762] [DEBUG] [Move 11] VALIDATION DEBUG: Legal move 2: move (8,1) -> (8,0)
[19:58:10.762] [DEBUG] [Move 11] VALIDATION DEBUG: Legal move 3: move (8,1) -> (8,2)
[19:58:10.762] [DEBUG] [Move 11] VALIDATION DEBUG: Legal move 4: move (8,1) -> (9,1)
[19:58:10.762] [DEBUG] [Move 11] VALIDATION DEBUG: Legal move 5: flip (8,1) -> (8,1)
[19:58:10.762] [DEBUG] [Move 11] VALIDATION DEBUG: Move found in legal moves - SUCCESS!
[19:58:10.762] [DECISION] [Move 11] FINAL DECISION: move (8,1) -> (9,1) | Reasoning: Minimax search
[19:58:10.762] [DECISION] [Move 11] === MOVE DECISION END ===
[19:58:10.799] [DECISION] [Move 12] === MOVE DECISION START === Player: square, Board: 13x12, Time: 9.534s (vs 59.9597s)
[19:58:17.474] [DEBUG] [Move 12] VALIDATION DEBUG: Generated 130 legal moves for validation
[19:58:17.474] [DEBUG] [Move 12] VALIDATION DEBUG: Minimax returned move: push (4,3) -> (5,3)
[19:58:17.474] [DEBUG] [Move 12] VALIDATION DEBUG: Legal move 1: move (9,1) -> (8,1)
[19:58:17.474] [DEBUG] [Move 12] VALIDATION DEBUG: Legal move 2: move (9,1) -> (9,0)
[19:58:17.474] [DEBUG] [Move 12] VALIDATION DEBUG: Legal move 3: move (9,1) -> (9,2)
[19:58:17.474] [DEBUG] [Move 12] VALIDATION DEBUG: Legal move 4: move (9,1) -> (10,1)
[19:58:17.474] [DEBUG] [Move 12] VALIDATION DEBUG: Legal move 5: flip (9,1) -> (9,1)
[19:58:17.474] [DEBUG] [Move 12] VALIDATION DEBUG: Move found in legal moves - SUCCESS!
[19:58:17.475] [DECISION] [Move 12] FINAL DECISION: push (4,3) -> (5,3) | Reasoning: Minimax search
[19:58:17.475] [DECISION] [Move 12] === MOVE DECISION END ===
[19:58:17.511] [DECISION] [Move 13] === MOVE DECISION START === Player: square, Board: 13x12, Time: 2.85757s (vs 59.9569s)
[19:58:18.370] [DEBUG] [Move 13] VALIDATION DEBUG: Generated 123 legal moves for validation
[19:58:18.371] [DEBUG] [Move 13] VALIDATION DEBUG: Minimax returned move: move (7,4) -> (8,2)
[19:58:18.371] [DEBUG] [Move 13] VALIDATION DEBUG: Legal move 1: move (9,1) -> (8,1)
[19:58:18.371] [DEBUG] [Move 13] VALIDATION DEBUG: Legal move 2: move (9,1) -> (9,0)
[19:58:18.371] [DEBUG] [Move 13] VALIDATION DEBUG: Legal move 3: move (9,1) -> (9,2)
[19:58:18.371] [DEBUG] [Move 13] VALIDATION DEBUG: Legal move 4: move (9,1) -> (10,1)
[19:58:18.371] [DEBUG] [Move 13] VALIDATION DEBUG: Legal move 5: flip (9,1) -> (9,1)
[19:58:18.371] [DEBUG] [Move 13] VALIDATION DEBUG: Move found in legal moves - SUCCESS!
[19:58:18.371] [DECISION] [Move 13] FINAL DECISION: move (7,4) -> (8,2) | Reasoning: Minimax search
[19:58:18.371] [DECISION] [Move 13] === MOVE DECISION END ===
[19:58:18.408] [DECISION] [Move 14] === MOVE DECISION START === Player: square, Board: 13x12, Time: 1.99801s (vs 59.9535s)
[19:58:18.509] [DEBUG] [Move 14] VALIDATION DEBUG: Generated 108 legal moves for validation
[19:58:18.509] [DEBUG] [Move 14] VALIDATION DEBUG: Minimax returned move: move (3,4) -> (5,9)
[19:58:18.509] [DEBUG] [Move 14] VALIDATION DEBUG: Legal move 1: move (9,1) -> (8,1)
[19:58:18.509] [DEBUG] [Move 14] VALIDATION DEBUG: Legal move 2: move (9,1) -> (9,0)
[19:58:18.509] [DEBUG] [Move 14] VALIDATION DEBUG: Legal move 3: move (9,1) -> (9,2)
[19:58:18.509] [DEBUG] [Move 14] VALIDATION DEBUG: Legal move 4: move (9,1) -> (10,1)
[19:58:18.509] [DEBUG] [Move 14] VALIDATION DEBUG: Legal move 5: flip (9,1) -> (9,1)
[19:58:18.509] [DEBUG] [Move 14] VALIDATION DEBUG: Move found in legal moves - SUCCESS!
[19:58:18.509] [DECISION] [Move 14] FINAL DECISION: move (3,4) -> (5,9) | Reasoning: Minimax search
[19:58:18.509] [DECISION] [Move 14] === MOVE DECISION END ===
[19:58:18.547] [DECISION] [Move 15] === MOVE DECISION START === Player: square, Board: 13x12, Time: 1.89593s (vs 59.949s)
[19:58:18.648] [DEBUG] [Move 15] VALIDATION DEBUG: Generated 93 legal moves for validation
[19:58:18.648] [DEBUG] [Move 15] VALIDATION DEBUG: Minimax returned move: move (5,4) -> (4,8)
[19:58:18.648] [DEBUG] [Move 15] VALIDATION DEBUG: Legal move 1: move (9,1) -> (8,1)
[19:58:18.648] [DEBUG] [Move 15] VALIDATION DEBUG: Legal move 2: move (9,1) -> (9,0)
[19:58:18.648] [DEBUG] [Move 15] VALIDATION DEBUG: Legal move 3: move (9,1) -> (9,2)
[19:58:18.648] [DEBUG] [Move 15] VALIDATION DEBUG: Legal move 4: move (9,1) -> (10,1)
[19:58:18.648] [DEBUG] [Move 15] VALIDATION DEBUG: Legal move 5: flip (9,1) -> (9,1)
[19:58:18.648] [DEBUG] [Move 15] VALIDATION DEBUG: Move found in legal moves - SUCCESS!
[19:58:18.648] [DECISION] [Move 15] FINAL DECISION: move (5,4) -> (4,8) | Reasoning: Minimax search
[19:58:18.648] [DECISION] [Move 15] === MOVE DECISION END ===
[19:58:18.685] [DECISION] [Move 16] === MOVE DECISION START === Player: square, Board: 13x12, Time: 1.7942s (vs 59.946s)
[19:58:18.786] [DEBUG] [Move 16] VALIDATION DEBUG: Generated 79 legal moves for validation
[19:58:18.786] [DEBUG] [Move 16] VALIDATION DEBUG: Minimax returned move: move (9,1) -> (8,1)
[19:58:18.786] [DEBUG] [Move 16] VALIDATION DEBUG: Legal move 1: move (9,1) -> (8,1)
[19:58:18.786] [DEBUG] [Move 16] VALIDATION DEBUG: Legal move 2: move (9,1) -> (9,0)
[19:58:18.786] [DEBUG] [Move 16] VALIDATION DEBUG: Legal move 3: move (9,1) -> (9,2)
[19:58:18.786] [DEBUG] [Move 16] VALIDATION DEBUG: Legal move 4: move (9,1) -> (10,1)
[19:58:18.786] [DEBUG] [Move 16] VALIDATION DEBUG: Legal move 5: flip (9,1) -> (9,1)
[19:58:18.786] [DEBUG] [Move 16] VALIDATION DEBUG: Move found in legal moves - SUCCESS!
[19:58:18.786] [DECISION] [Move 16] FINAL DECISION: move (9,1) -> (8,1) | Reasoning: Minimax search
[19:58:18.786] [DECISION] [Move 16] === MOVE DECISION END ===
[19:58:18.823] [DECISION] [Move 17] === MOVE DECISION START === Player: square, Board: 13x12, Time: 1.69238s (vs 59.943s)
[19:58:18.924] [DEBUG] [Move 17] VALIDATION DEBUG: Generated 72 legal moves for validation
[19:58:18.924] [DEBUG] [Move 17] VALIDATION DEBUG: Minimax returned move: move (4,8) -> (4,7)
[19:58:18.924] [DEBUG] [Move 17] VALIDATION DEBUG: Legal move 1: move (8,1) -> (7,1)
[19:58:18.924] [DEBUG] [Move 17] VALIDATION DEBUG: Legal move 2: move (8,1) -> (8,0)
[19:58:18.924] [DEBUG] [Move 17] VALIDATION DEBUG: Legal move 3: move (8,1) -> (9,1)
[19:58:18.924] [DEBUG] [Move 17] VALIDATION DEBUG: Legal move 4: push (8,1) -> (8,2)
[19:58:18.924] [DEBUG] [Move 17] VALIDATION DEBUG: Legal move 5: flip (8,1) -> (8,1)
[19:58:18.924] [DEBUG] [Move 17] VALIDATION DEBUG: Move found in legal moves - SUCCESS!
[19:58:18.924] [DECISION] [Move 17] FINAL DECISION: move (4,8) -> (4,7) | Reasoning: Minimax search
[19:58:18.924] [DECISION] [Move 17] === MOVE DECISION END ===
[19:58:18.962] [DECISION] [Move 18] === MOVE DECISION START === Player: square, Board: 13x12, Time: 1.59088s (vs 59.9398s)
[19:58:19.063] [DEBUG] [Move 18] VALIDATION DEBUG: Generated 68 legal moves for validation
[19:58:19.063] [DEBUG] [Move 18] VALIDATION DEBUG: Minimax returned move: move (8,1) -> (9,1)
[19:58:19.063] [DEBUG] [Move 18] VALIDATION DEBUG: Legal move 1: move (8,1) -> (7,1)
[19:58:19.063] [DEBUG] [Move 18] VALIDATION DEBUG: Legal move 2: move (8,1) -> (8,0)
[19:58:19.063] [DEBUG] [Move 18] VALIDATION DEBUG: Legal move 3: move (8,1) -> (9,1)
[19:58:19.063] [DEBUG] [Move 18] VALIDATION DEBUG: Legal move 4: push (8,1) -> (8,2)
[19:58:19.063] [DEBUG] [Move 18] VALIDATION DEBUG: Legal move 5: flip (8,1) -> (8,1)
[19:58:19.063] [DEBUG] [Move 18] VALIDATION DEBUG: Move found in legal moves - SUCCESS!
[19:58:19.063] [DECISION] [Move 18] FINAL DECISION: move (8,1) -> (9,1) | Reasoning: Minimax search
[19:58:19.063] [DECISION] [Move 18] === MOVE DECISION END ===
[19:58:19.100] [DECISION] [Move 19] === MOVE DECISION START === Player: square, Board: 13x12, Time: 1.489s (vs 59.937s)
[19:58:19.201] [DEBUG] [Move 19] VALIDATION DEBUG: Generated 72 legal moves for validation
[19:58:19.201] [DEBUG] [Move 19] VALIDATION DEBUG: Minimax returned move: flip (8,2) -> (8,2)
[19:58:19.201] [DEBUG] [Move 19] VALIDATION DEBUG: Legal move 1: move (9,1) -> (8,1)
[19:58:19.201] [DEBUG] [Move 19] VALIDATION DEBUG: Legal move 2: move (9,1) -> (9,0)
[19:58:19.201] [DEBUG] [Move 19] VALIDATION DEBUG: Legal move 3: move (9,1) -> (9,2)
[19:58:19.201] [DEBUG] [Move 19] VALIDATION DEBUG: Legal move 4: move (9,1) -> (10,1)
[19:58:19.201] [DEBUG] [Move 19] VALIDATION DEBUG: Legal move 5: flip (9,1) -> (9,1)
[19:58:19.201] [DEBUG] [Move 19] VALIDATION DEBUG: Move found in legal moves - SUCCESS!
[19:58:19.201] [DECISION] [Move 19] FINAL DECISION: flip (8,2) -> (8,2) [horizontal] | Reasoning: Minimax search
[19:58:19.201] [DECISION] [Move 19] === MOVE DECISION END ===
[19:58:19.238] [DECISION] [Move 20] === MOVE DECISION START === Player: square, Board: 13x12, Time: 1.38768s (vs 59.9343s)
[19:58:19.339] [DEBUG] [Move 20] VALIDATION DEBUG: Generated 88 legal moves for validation
[19:58:19.339] [DEBUG] [Move 20] VALIDATION DEBUG: Minimax returned move: move (9,1) -> (9,0)
[19:58:19.339] [DEBUG] [Move 20] VALIDATION DEBUG: Legal move 1: move (9,1) -> (8,1)
[19:58:19.339] [DEBUG] [Move 20] VALIDATION DEBUG: Legal move 2: move (9,1) -> (9,0)
[19:58:19.339] [DEBUG] [Move 20] VALIDATION DEBUG: Legal move 3: move (9,1) -> (9,2)
[19:58:19.339] [DEBUG] [Move 20] VALIDATION DEBUG: Legal move 4: move (9,1) -> (10,1)
[19:58:19.339] [DEBUG] [Move 20] VALIDATION DEBUG: Legal move 5: flip (9,1) -> (9,1)
[19:58:19.339] [DEBUG] [Move 20] VALIDATION DEBUG: Move found in legal moves - SUCCESS!
[19:58:19.339] [DECISION] [Move 20] FINAL DECISION: move (9,1) -> (9,0) | Reasoning: Minimax search
[19:58:19.339] [DECISION] [Move 20] === MOVE DECISION END ===
[19:58:19.377] [DECISION] [Move 21] === MOVE DECISION START === Player: square, Board: 13x12, Time: 1.28575s (vs 59.9317s)
[19:58:19.478] [DEBUG] [Move 21] VALIDATION DEBUG: Generated 89 legal moves for validation
[19:58:19.478] [DEBUG] [Move 21] VALIDATION DEBUG: Minimax returned move: flip (8,2) -> (8,2)
[19:58:19.478] [DEBUG] [Move 21] VALIDATION DEBUG: Legal move 1: move (9,0) -> (8,0)
[19:58:19.478] [DEBUG] [Move 21] VALIDATION DEBUG: Legal move 2: move (9,0) -> (9,1)
[19:58:19.478] [DEBUG] [Move 21] VALIDATION DEBUG: Legal move 3: move (9,0) -> (10,0)
[19:58:19.478] [DEBUG] [Move 21] VALIDATION DEBUG: Legal move 4: flip (9,0) -> (9,0)
[19:58:19.478] [DEBUG] [Move 21] VALIDATION DEBUG: Legal move 5: rotate (9,0) -> (9,0)
[19:58:19.478] [DEBUG] [Move 21] VALIDATION DEBUG: Move found in legal moves - SUCCESS!
[19:58:19.478] [DECISION] [Move 21] FINAL DECISION: flip (8,2) -> (8,2) | Reasoning: Minimax search
[19:58:19.478] [DECISION] [Move 21] === MOVE DECISION END ===
[19:58:19.515] [DECISION] [Move 22] === MOVE DECISION START === Player: square, Board: 13x12, Time: 1.18394s (vs 59.929s)
[19:58:19.617] [DEBUG] [Move 22] VALIDATION DEBUG: Generated 73 legal moves for validation
[19:58:19.617] [DEBUG] [Move 22] VALIDATION DEBUG: Minimax returned move: move (8,4) -> (7,4)
[19:58:19.617] [DEBUG] [Move 22] VALIDATION DEBUG: Legal move 1: move (9,0) -> (8,0)
[19:58:19.617] [DEBUG] [Move 22] VALIDATION DEBUG: Legal move 2: move (9,0) -> (9,1)
[19:58:19.617] [DEBUG] [Move 22] VALIDATION DEBUG: Legal move 3: move (9,0) -> (10,0)
[19:58:19.617] [DEBUG] [Move 22] VALIDATION DEBUG: Legal move 4: flip (9,0) -> (9,0)
[19:58:19.617] [DEBUG] [Move 22] VALIDATION DEBUG: Legal move 5: rotate (9,0) -> (9,0)
[19:58:19.617] [DEBUG] [Move 22] VALIDATION DEBUG: Move found in legal moves - SUCCESS!
[19:58:19.617] [DECISION] [Move 22] FINAL DECISION: move (8,4) -> (7,4) | Reasoning: Minimax search
[19:58:19.617] [DECISION] [Move 22] === MOVE DECISION END ===
[19:58:19.654] [DECISION] [Move 23] === MOVE DECISION START === Player: square, Board: 13x12, Time: 1.08181s (vs 59.9264s)
[19:58:19.755] [DEBUG] [Move 23] VALIDATION DEBUG: Generated 88 legal moves for validation
[19:58:19.755] [DEBUG] [Move 23] VALIDATION DEBUG: Minimax returned move: move (4,7) -> (1,7)
[19:58:19.755] [DEBUG] [Move 23] VALIDATION DEBUG: Legal move 1: move (9,0) -> (8,0)
[19:58:19.755] [DEBUG] [Move 23] VALIDATION DEBUG: Legal move 2: move (9,0) -> (9,1)
[19:58:19.755] [DEBUG] [Move 23] VALIDATION DEBUG: Legal move 3: move (9,0) -> (10,0)
[19:58:19.755] [DEBUG] [Move 23] VALIDATION DEBUG: Legal move 4: flip (9,0) -> (9,0)
[19:58:19.755] [DEBUG] [Move 23] VALIDATION DEBUG: Legal move 5: rotate (9,0) -> (9,0)
[19:58:19.755] [DEBUG] [Move 23] VALIDATION DEBUG: Move found in legal moves - SUCCESS!
[19:58:19.755] [DECISION] [Move 23] FINAL DECISION: move (4,7) -> (1,7) | Reasoning: Minimax search
[19:58:19.755] [DECISION] [Move 23] === MOVE DECISION END ===
[19:58:19.792] [DECISION] [Move 24] === MOVE DECISION START === Player: square, Board: 13x12, Time: 0.980437s (vs 59.923s)
[19:58:19.894] [DEBUG] [Move 24] VALIDATION DEBUG: Generated 87 legal moves for validation
[19:58:19.894] [DEBUG] [Move 24] VALIDATION DEBUG: Minimax returned move: move (5,9) -> (0,9)
[19:58:19.894] [DEBUG] [Move 24] VALIDATION DEBUG: Legal move 1: move (9,0) -> (8,0)
[19:58:19.894] [DEBUG] [Move 24] VALIDATION DEBUG: Legal move 2: move (9,0) -> (9,1)
[19:58:19.894] [DEBUG] [Move 24] VALIDATION DEBUG: Legal move 3: move (9,0) -> (10,0)
[19:58:19.894] [DEBUG] [Move 24] VALIDATION DEBUG: Legal move 4: flip (9,0) -> (9,0)
[19:58:19.894] [DEBUG] [Move 24] VALIDATION DEBUG: Legal move 5: rotate (9,0) -> (9,0)
[19:58:19.894] [DEBUG] [Move 24] VALIDATION DEBUG: Move found in legal moves - SUCCESS!
[19:58:19.894] [DECISION] [Move 24] FINAL DECISION: move (5,9) -> (0,9) | Reasoning: Minimax search
[19:58:19.894] [DECISION] [Move 24] === MOVE DECISION END ===
[19:58:19.931] [DECISION] [Move 25] === MOVE DECISION START === Player: square, Board: 13x12, Time: 0.878215s (vs 59.9201s)
[19:58:20.032] [DEBUG] [Move 25] VALIDATION DEBUG: Generated 82 legal moves for validation
[19:58:20.032] [DEBUG] [Move 25] VALIDATION DEBUG: Minimax returned move: flip (7,4) -> (7,4)
[19:58:20.032] [DEBUG] [Move 25] VALIDATION DEBUG: Legal move 1: move (9,0) -> (8,0)
[19:58:20.032] [DEBUG] [Move 25] VALIDATION DEBUG: Legal move 2: move (9,0) -> (9,1)
[19:58:20.032] [DEBUG] [Move 25] VALIDATION DEBUG: Legal move 3: move (9,0) -> (10,0)
[19:58:20.032] [DEBUG] [Move 25] VALIDATION DEBUG: Legal move 4: flip (9,0) -> (9,0)
[19:58:20.032] [DEBUG] [Move 25] VALIDATION DEBUG: Legal move 5: rotate (9,0) -> (9,0)
[19:58:20.032] [DEBUG] [Move 25] VALIDATION DEBUG: Move found in legal moves - SUCCESS!
[19:58:20.032] [DECISION] [Move 25] FINAL DECISION: flip (7,4) -> (7,4) [horizontal] | Reasoning: Minimax search
[19:58:20.032] [DECISION] [Move 25] === MOVE DECISION END ===
[19:58:20.069] [DECISION] [Move 26] === MOVE DECISION START === Player: square, Board: 13x12, Time: 0.776283s (vs 59.9174s)
[19:58:20.170] [DEBUG] [Move 26] VALIDATION DEBUG: Generated 126 legal moves for validation
[19:58:20.170] [DEBUG] [Move 26] VALIDATION DEBUG: Minimax returned move: move (7,3) -> (8,5)
[19:58:20.170] [DEBUG] [Move 26] VALIDATION DEBUG: Legal move 1: move (9,0) -> (8,0)
[19:58:20.170] [DEBUG] [Move 26] VALIDATION DEBUG: Legal move 2: move (9,0) -> (9,1)
[19:58:20.170] [DEBUG] [Move 26] VALIDATION DEBUG: Legal move 3: move (9,0) -> (10,0)
[19:58:20.170] [DEBUG] [Move 26] VALIDATION DEBUG: Legal move 4: flip (9,0) -> (9,0)
[19:58:20.170] [DEBUG] [Move 26] VALIDATION DEBUG: Legal move 5: rotate (9,0) -> (9,0)
[19:58:20.170] [DEBUG] [Move 26] VALIDATION DEBUG: Move found in legal moves - SUCCESS!
[19:58:20.170] [DECISION] [Move 26] FINAL DECISION: move (7,3) -> (8,5) | Reasoning: Minimax search
[19:58:20.170] [DECISION] [Move 26] === MOVE DECISION END ===
[19:58:20.207] [DECISION] [Move 27] === MOVE DECISION START === Player: square, Board: 13x12, Time: 0.674835s (vs 59.914s)
[19:58:20.308] [DEBUG] [Move 27] VALIDATION DEBUG: Generated 146 legal moves for validation
[19:58:20.308] [DEBUG] [Move 27] VALIDATION DEBUG: Minimax returned move: push (7,4) -> (6,4)
[19:58:20.308] [DEBUG] [Move 27] VALIDATION DEBUG: Legal move 1: move (9,0) -> (8,0)
[19:58:20.308] [DEBUG] [Move 27] VALIDATION DEBUG: Legal move 2: move (9,0) -> (9,1)
[19:58:20.308] [DEBUG] [Move 27] VALIDATION DEBUG: Legal move 3: move (9,0) -> (10,0)
[19:58:20.309] [DEBUG] [Move 27] VALIDATION DEBUG: Legal move 4: flip (9,0) -> (9,0)
[19:58:20.309] [DEBUG] [Move 27] VALIDATION DEBUG: Legal move 5: rotate (9,0) -> (9,0)
[19:58:20.309] [DEBUG] [Move 27] VALIDATION DEBUG: Move found in legal moves - SUCCESS!
[19:58:20.309] [DECISION] [Move 27] FINAL DECISION: push (7,4) -> (6,4) | Reasoning: Minimax search
[19:58:20.309] [DECISION] [Move 27] === MOVE DECISION END ===
[19:58:20.345] [DECISION] [Move 28] === MOVE DECISION START === Player: square, Board: 13x12, Time: 0.572909s (vs 59.9102s)
[19:58:20.447] [DEBUG] [Move 28] VALIDATION DEBUG: Generated 96 legal moves for validation
[19:58:20.448] [DEBUG] [Move 28] VALIDATION DEBUG: Minimax returned move: move (8,2) -> (7,5)
[19:58:20.448] [DEBUG] [Move 28] VALIDATION DEBUG: Legal move 1: move (9,0) -> (8,0)
[19:58:20.448] [DEBUG] [Move 28] VALIDATION DEBUG: Legal move 2: move (9,0) -> (9,1)
[19:58:20.448] [DEBUG] [Move 28] VALIDATION DEBUG: Legal move 3: move (9,0) -> (10,0)
[19:58:20.448] [DEBUG] [Move 28] VALIDATION DEBUG: Legal move 4: flip (9,0) -> (9,0)
[19:58:20.448] [DEBUG] [Move 28] VALIDATION DEBUG: Legal move 5: rotate (9,0) -> (9,0)
[19:58:20.448] [DEBUG] [Move 28] VALIDATION DEBUG: Move found in legal moves - SUCCESS!
[19:58:20.448] [DECISION] [Move 28] FINAL DECISION: move (8,2) -> (7,5) | Reasoning: Minimax search
[19:58:20.448] [DECISION] [Move 28] === MOVE DECISION END ===
[19:58:20.484] [DECISION] [Move 29] === MOVE DECISION START === Player: square, Board: 13x12, Time: 0.469813s (vs 59.9067s)
[19:58:20.585] [DEBUG] [Move 29] VALIDATION DEBUG: Generated 89 legal moves for validation
[19:58:20.585] [DEBUG] [Move 29] VALIDATION DEBUG: Minimax returned move: move (8,3) -> (7,3)
[19:58:20.585] [DEBUG] [Move 29] VALIDATION DEBUG: Legal move 1: move (9,0) -> (8,0)
[19:58:20.585] [DEBUG] [Move 29] VALIDATION DEBUG: Legal move 2: move (9,0) -> (9,1)
[19:58:20.585] [DEBUG] [Move 29] VALIDATION DEBUG: Legal move 3: move (9,0) -> (10,0)
[19:58:20.585] [DEBUG] [Move 29] VALIDATION DEBUG: Legal move 4: flip (9,0) -> (9,0)
[19:58:20.585] [DEBUG] [Move 29] VALIDATION DEBUG: Legal move 5: rotate (9,0) -> (9,0)
[19:58:20.585] [DEBUG] [Move 29] VALIDATION DEBUG: Move found in legal moves - SUCCESS!
[19:58:20.585] [DECISION] [Move 29] FINAL DECISION: move (8,3) -> (7,3) | Reasoning: Minimax search
[19:58:20.585] [DECISION] [Move 29] === MOVE DECISION END ===
[19:58:20.623] [DECISION] [Move 30] === MOVE DECISION START === Player: square, Board: 13x12, Time: 0.368462s (vs 59.904s)
[19:58:20.724] [DEBUG] [Move 30] VALIDATION DEBUG: Generated 86 legal moves for validation
[19:58:20.724] [DEBUG] [Move 30] VALIDATION DEBUG: Minimax returned move: move (9,0) -> (8,0)
[19:58:20.724] [DEBUG] [Move 30] VALIDATION DEBUG: Legal move 1: move (9,0) -> (8,0)
[19:58:20.724] [DEBUG] [Move 30] VALIDATION DEBUG: Legal move 2: move (9,0) -> (9,1)
[19:58:20.724] [DEBUG] [Move 30] VALIDATION DEBUG: Legal move 3: move (9,0) -> (10,0)
[19:58:20.724] [DEBUG] [Move 30] VALIDATION DEBUG: Legal move 4: flip (9,0) -> (9,0)
[19:58:20.724] [DEBUG] [Move 30] VALIDATION DEBUG: Legal move 5: rotate (9,0) -> (9,0)
[19:58:20.724] [DEBUG] [Move 30] VALIDATION DEBUG: Move found in legal moves - SUCCESS!
[19:58:20.724] [DECISION] [Move 30] FINAL DECISION: move (9,0) -> (8,0) | Reasoning: Minimax search
[19:58:20.724] [DECISION] [Move 30] === MOVE DECISION END ===
[19:58:20.760] [DECISION] [Move 31] === MOVE DECISION START === Player: square, Board: 13x12, Time: 0.2667s (vs 59.9009s)
[19:58:20.862] [DEBUG] [Move 31] VALIDATION DEBUG: Generated 86 legal moves for validation
[19:58:20.862] [DEBUG] [Move 31] VALIDATION DEBUG: Minimax returned move: move (4,6) -> (4,5)
[19:58:20.862] [DEBUG] [Move 31] VALIDATION DEBUG: Legal move 1: move (8,0) -> (7,0)
[19:58:20.862] [DEBUG] [Move 31] VALIDATION DEBUG: Legal move 2: move (8,0) -> (8,1)
[19:58:20.862] [DEBUG] [Move 31] VALIDATION DEBUG: Legal move 3: move (8,0) -> (9,0)
[19:58:20.862] [DEBUG] [Move 31] VALIDATION DEBUG: Legal move 4: flip (8,0) -> (8,0)
[19:58:20.862] [DEBUG] [Move 31] VALIDATION DEBUG: Legal move 5: rotate (8,0) -> (8,0)
[19:58:20.862] [DEBUG] [Move 31] VALIDATION DEBUG: Move found in legal moves - SUCCESS!
[19:58:20.862] [DECISION] [Move 31] FINAL DECISION: move (4,6) -> (4,5) | Reasoning: Minimax search
[19:58:20.862] [DECISION] [Move 31] === MOVE DECISION END ===
[19:58:20.898] [DECISION] [Move 32] === MOVE DECISION START === Player: square, Board: 13x12, Time: 0.164598s (vs 59.8974s)
[19:58:21.000] [DEBUG] [Move 32] VALIDATION DEBUG: Generated 88 legal moves for validation
[19:58:21.000] [DEBUG] [Move 32] VALIDATION DEBUG: Minimax returned move: move (8,0) -> (8,1)
[19:58:21.000] [DEBUG] [Move 32] VALIDATION DEBUG: Legal move 1: move (8,0) -> (7,0)
[19:58:21.000] [DEBUG] [Move 32] VALIDATION DEBUG: Legal move 2: move (8,0) -> (8,1)
[19:58:21.000] [DEBUG] [Move 32] VALIDATION DEBUG: Legal move 3: move (8,0) -> (9,0)
[19:58:21.000] [DEBUG] [Move 32] VALIDATION DEBUG: Legal move 4: flip (8,0) -> (8,0)
[19:58:21.000] [DEBUG] [Move 32] VALIDATION DEBUG: Legal move 5: rotate (8,0) -> (8,0)
[19:58:21.000] [DEBUG] [Move 32] VALIDATION DEBUG: Move found in legal moves - SUCCESS!
[19:58:21.000] [DECISION] [Move 32] FINAL DECISION: move (8,0) -> (8,1) | Reasoning: Minimax search
[19:58:21.000] [DECISION] [Move 32] === MOVE DECISION END ===
[19:58:21.038] [DECISION] [Move 33] === MOVE DECISION START === Player: square, Board: 13x12, Time: 0.062387s (vs 59.8918s)
[19:58:21.083] [DEBUG] [Move 33] VALIDATION DEBUG: Generated 89 legal moves for validation
[19:58:21.083] [DEBUG] [Move 33] VALIDATION DEBUG: Minimax returned move: move (7,5) -> (5,5)
[19:58:21.083] [DEBUG] [Move 33] VALIDATION DEBUG: Legal move 1: move (8,1) -> (7,1)
[19:58:21.083] [DEBUG] [Move 33] VALIDATION DEBUG: Legal move 2: move (8,1) -> (8,0)
[19:58:21.083] [DEBUG] [Move 33] VALIDATION DEBUG: Legal move 3: move (8,1) -> (8,2)
[19:58:21.083] [DEBUG] [Move 33] VALIDATION DEBUG: Legal move 4: move (8,1) -> (9,1)
[19:58:21.083] [DEBUG] [Move 33] VALIDATION DEBUG: Legal move 5: flip (8,1) -> (8,1)
[19:58:21.083] [DEBUG] [Move 33] VALIDATION DEBUG: Move found in legal moves - SUCCESS!
[19:58:21.083] [DECISION] [Move 33] FINAL DECISION: move (7,5) -> (5,5) | Reasoning: Minimax search
[19:58:21.083] [DECISION] [Move 33] === MOVE DECISION END ===
[19:58:21.120] [DECISION] [Move 34] === MOVE DECISION START === Player: square, Board: 13x12, Time: 0.0161581s (vs 59.889s)
[19:58:21.134] [DEBUG] [Move 34] VALIDATION DEBUG: Generated 83 legal moves for validation
[19:58:21.134] [DEBUG] [Move 34] VALIDATION DEBUG: Minimax returned move: rotate (8,1) -> (8,1)
[19:58:21.134] [DEBUG] [Move 34] VALIDATION DEBUG: Legal move 1: move (8,1) -> (7,1)
[19:58:21.134] [DEBUG] [Move 34] VALIDATION DEBUG: Legal move 2: move (8,1) -> (8,0)
[19:58:21.134] [DEBUG] [Move 34] VALIDATION DEBUG: Legal move 3: move (8,1) -> (8,2)
[19:58:21.134] [DEBUG] [Move 34] VALIDATION DEBUG: Legal move 4: move (8,1) -> (9,1)
[19:58:21.134] [DEBUG] [Move 34] VALIDATION DEBUG: Legal move 5: flip (8,1) -> (8,1)
[19:58:21.134] [DEBUG] [Move 34] VALIDATION DEBUG: Move found in legal moves - SUCCESS!
[19:58:21.134] [DECISION] [Move 34] FINAL DECISION: rotate (8,1) -> (8,1) | Reasoning: Minimax search
[19:58:21.134] [DECISION] [Move 34] === MOVE DECISION END ===
[19:58:21.189] [DECISION] [Move 35] === MOVE DECISION START === Player: square, Board: 13x12, Time: 0.0019865s (vs 59.8829s)
[19:58:21.193] [DEBUG] [Move 35] VALIDATION DEBUG: Generated 86 legal moves for validation
[19:58:21.193] [DEBUG] [Move 35] VALIDATION DEBUG: Minimax returned move: move (8,1) -> (7,1)
[19:58:21.193] [DEBUG] [Move 35] VALIDATION DEBUG: Legal move 1: move (8,1) -> (7,1)
[19:58:21.193] [DEBUG] [Move 35] VALIDATION DEBUG: Legal move 2: move (8,1) -> (8,0)
[19:58:21.193] [DEBUG] [Move 35] VALIDATION DEBUG: Legal move 3: move (8,1) -> (8,2)
[19:58:21.193] [DEBUG] [Move 35] VALIDATION DEBUG: Legal move 4: move (8,1) -> (9,1)
[19:58:21.193] [DEBUG] [Move 35] VALIDATION DEBUG: Legal move 5: flip (8,1) -> (8,1)
[19:58:21.193] [DEBUG] [Move 35] VALIDATION DEBUG: Move found in legal moves - SUCCESS!
[19:58:21.193] [DECISION] [Move 35] FINAL DECISION: move (8,1) -> (7,1) | Reasoning: Minimax search
[19:58:21.193] [DECISION] [Move 35] === MOVE DECISION END ===
